// Jest Snapshot v1, https://goo.gl/fbAQLP

exports[`<App /> renders correctly across screens 1`] = `
<View
  accessibilityIgnoresInvertColors={true}
  style={
    Object {
      "flex": 1,
    }
  }
>
  <Image
    source={1}
    style={
      Array [
        Object {
          "bottom": 0,
          "left": 0,
          "position": "absolute",
          "right": 0,
          "top": 0,
        },
        Object {
          "height": undefined,
          "width": undefined,
        },
        undefined,
      ]
    }
  />
  <View
    style={
      Object {
        "alignItems": "center",
        "paddingTop": 80,
      }
    }
  >
    <View
      style={
        Object {
          "alignItems": "center",
          "height": "100%",
          "justifyContent": "center",
          "width": "100%",
        }
      }
    >
      <ActivityIndicator
        animating={true}
        color="#fff"
        hidesWhenStopped={true}
        size="large"
      />
      <Text
        style={
          Object {
            "color": "#fff",
            "fontSize": 17,
          }
        }
      >
        Finding your location...
      </Text>
    </View>
  </View>
</View>
`;

exports[`test against snapshot 1`] = `
<View
  accessibilityIgnoresInvertColors={true}
  style={
    Object {
      "flex": 1,
    }
  }
>
  <Image
    source={1}
    style={
      Array [
        Object {
          "bottom": 0,
          "left": 0,
          "position": "absolute",
          "right": 0,
          "top": 0,
        },
        Object {
          "height": undefined,
          "width": undefined,
        },
        undefined,
      ]
    }
  />
  <View
    style={
      Object {
        "alignItems": "center",
        "paddingTop": 80,
      }
    }
  >
    <View
      style={
        Object {
          "alignItems": "center",
          "height": "100%",
          "justifyContent": "center",
          "width": "100%",
        }
      }
    >
      <ActivityIndicator
        animating={true}
        color="#fff"
        hidesWhenStopped={true}
        size="large"
      />
      <Text
        style={
          Object {
            "color": "#fff",
            "fontSize": 17,
          }
        }
      >
        Finding your location...
      </Text>
    </View>
  </View>
</View>
`;
